scale sweep: archive=events=jobs per point, scales 10,000, 100,000, 400,000, 2,000,000; fresh container pair per scale; headline shapes only (prune drain, event TTL drain, archive newest-first page, parity count)

=== [1/4] scale 10,000: jobs 10,000 / archive 10,000 / events 10,000 / prune cohort 1,000 (base 2026-09-26T18:16:15+00:00) ===
    seeding plain engine
    jobs 10,000 rows in 0s
    attempts+archive+events in 0s
    seeding ts engine
    jobs 10,000 rows in 0s
    attempts+archive+events in 0s
    correctness asserts on the seed
    counts match; hypertables: ['job_attempts_archive', 'job_events', 'jobs_archive'] chunks: {'job_events': 15, 'jobs_archive': 14}
    headline dashboard shapes
    jobs_count_all_statuses            plain      1.0 ms  ts      1.1 ms  OK
    archive_recent_finished_p51        plain      4.0 ms  ts      0.7 ms  OK
    retention drains (interleaved batch-by-batch)

prune (aged succeeded jobs -> archive)  (batch_size 10,000, target 1,000 rows)
  engine   batches   p50/batch   p95/batch  drain total
  plain          2      1.0 ms     71.9 ms        0.1s
  ts             2      0.6 ms    341.3 ms        0.3s

event TTL (aged job_events)  (batch_size 10,000, target 2,400 rows)
  engine   batches   p50/batch   p95/batch  drain total
  plain          2      1.1 ms     11.1 ms        0.0s
  ts             2      2.9 ms     42.0 ms        0.0s

=== [2/4] scale 100,000: jobs 100,000 / archive 100,000 / events 100,000 / prune cohort 10,000 (base 2026-09-26T18:16:21+00:00) ===
    seeding plain engine
    jobs 100,000 rows in 1s
    attempts+archive+events in 2s
    seeding ts engine
    jobs 100,000 rows in 1s
    attempts+archive+events in 3s
    correctness asserts on the seed
    counts match; hypertables: ['job_attempts_archive', 'job_events', 'jobs_archive'] chunks: {'job_events': 15, 'jobs_archive': 14}
    headline dashboard shapes
    jobs_count_all_statuses            plain      3.2 ms  ts      2.7 ms  OK
    archive_recent_finished_p51        plain     23.9 ms  ts      3.0 ms  OK
    retention drains (interleaved batch-by-batch)

prune (aged succeeded jobs -> archive)  (batch_size 10,000, target 10,000 rows)
  engine   batches   p50/batch   p95/batch  drain total
  plain          2      3.8 ms    462.0 ms        0.5s
  ts             2      1.9 ms  3,260.4 ms        3.3s

event TTL (aged job_events)  (batch_size 10,000, target 24,000 rows)
  engine   batches   p50/batch   p95/batch  drain total
  plain          4     26.1 ms     29.0 ms        0.1s
  ts             4    146.4 ms    150.9 ms        0.4s

=== [3/4] scale 400,000: jobs 400,000 / archive 400,000 / events 400,000 / prune cohort 40,000 (base 2026-09-26T18:16:39+00:00) ===
    seeding plain engine
    jobs 400,000 rows in 5s
    attempts+archive+events in 11s
    seeding ts engine
    jobs 400,000 rows in 5s
    attempts+archive+events in 10s
    correctness asserts on the seed
    counts match; hypertables: ['job_attempts_archive', 'job_events', 'jobs_archive'] chunks: {'job_events': 15, 'jobs_archive': 14}
    headline dashboard shapes
    jobs_count_all_statuses            plain      8.8 ms  ts      8.2 ms  OK
    archive_recent_finished_p51        plain     58.8 ms  ts      7.8 ms  OK
    retention drains (interleaved batch-by-batch)

prune (aged succeeded jobs -> archive)  (batch_size 10,000, target 40,000 rows)
  engine   batches   p50/batch   p95/batch  drain total
  plain          5    452.7 ms    586.3 ms        1.9s
  ts             5  3,628.8 ms  3,639.2 ms       14.4s

event TTL (aged job_events)  (batch_size 10,000, target 96,000 rows)
  engine   batches   p50/batch   p95/batch  drain total
  plain         11     24.7 ms     28.3 ms        0.3s
  ts            11    182.5 ms    216.7 ms        1.8s

=== [4/4] scale 2,000,000: jobs 2,000,000 / archive 2,000,000 / events 2,000,000 / prune cohort 200,000 (base 2026-09-26T18:17:42+00:00) ===
    seeding plain engine
    jobs 2,000,000 rows in 27s
    attempts+archive+events in 53s
    seeding ts engine
    jobs 2,000,000 rows in 30s
    attempts+archive+events in 55s
    correctness asserts on the seed
    counts match; hypertables: ['job_attempts_archive', 'job_events', 'jobs_archive'] chunks: {'job_events': 15, 'jobs_archive': 14}
    headline dashboard shapes
    jobs_count_all_statuses            plain     23.2 ms  ts     45.8 ms  OK
    archive_recent_finished_p51        plain    142.1 ms  ts     44.5 ms  OK
    retention drains (interleaved batch-by-batch)
