scale sweep: archive=events=jobs per point, scales 10,000, 100,000, 400,000, 2,000,000; fresh container pair per scale; headline shapes only (prune drain, event TTL drain, archive newest-first page, parity count)

=== [1/4] scale 10,000: jobs 10,000 / archive 10,000 / events 10,000 / prune cohort 1,000 (base 2026-09-26T18:09:10+00:00) ===
    seeding plain engine
    jobs 10,000 rows in 0s
    attempts+archive+events in 0s
    seeding ts engine
    jobs 10,000 rows in 0s
    attempts+archive+events in 0s
    correctness asserts on the seed
    counts match; hypertables: ['job_attempts_archive', 'job_events', 'jobs_archive'] chunks: {'job_events': 15, 'jobs_archive': 14}
    headline dashboard shapes
    jobs_count_all_statuses            plain      1.2 ms  ts      1.1 ms  OK
    archive_recent_finished_p51        plain      4.7 ms  ts      0.7 ms  OK
    retention drains (interleaved batch-by-batch)

prune (aged succeeded jobs -> archive)  (batch_size 10,000, target 1,000 rows)
  engine   batches   p50/batch   p95/batch  drain total
  plain          2      1.2 ms     79.8 ms        0.1s
  ts             2      0.9 ms    387.3 ms        0.4s

event TTL (aged job_events)  (batch_size 10,000, target 2,400 rows)
  engine   batches   p50/batch   p95/batch  drain total
  plain          2      1.1 ms     12.6 ms        0.0s
  ts             2      3.4 ms     45.8 ms        0.0s

=== [2/4] scale 100,000: jobs 100,000 / archive 100,000 / events 100,000 / prune cohort 10,000 (base 2026-09-26T18:09:16+00:00) ===
    seeding plain engine
    jobs 100,000 rows in 1s
    attempts+archive+events in 2s
    seeding ts engine
    jobs 100,000 rows in 1s
    attempts+archive+events in 3s
    correctness asserts on the seed
    counts match; hypertables: ['job_attempts_archive', 'job_events', 'jobs_archive'] chunks: {'job_events': 15, 'jobs_archive': 14}
    headline dashboard shapes
    jobs_count_all_statuses            plain      2.9 ms  ts      2.9 ms  OK
    archive_recent_finished_p51        plain     25.1 ms  ts      3.1 ms  OK
    retention drains (interleaved batch-by-batch)

prune (aged succeeded jobs -> archive)  (batch_size 10,000, target 10,000 rows)
  engine   batches   p50/batch   p95/batch  drain total
  plain          2      3.3 ms    436.1 ms        0.4s
  ts             2      2.0 ms  3,400.2 ms        3.4s

event TTL (aged job_events)  (batch_size 10,000, target 24,000 rows)
  engine   batches   p50/batch   p95/batch  drain total
  plain          4     22.4 ms     29.2 ms        0.1s
  ts             4    150.9 ms    156.3 ms        0.4s

=== [3/4] scale 400,000: jobs 400,000 / archive 400,000 / events 400,000 / prune cohort 40,000 (base 2026-09-26T18:09:35+00:00) ===
    seeding plain engine
    jobs 400,000 rows in 5s
    attempts+archive+events in 10s
    seeding ts engine
    jobs 400,000 rows in 5s
    attempts+archive+events in 10s
    correctness asserts on the seed
    counts match; hypertables: ['job_attempts_archive', 'job_events', 'jobs_archive'] chunks: {'job_events': 15, 'jobs_archive': 14}
    headline dashboard shapes
    jobs_count_all_statuses            plain      9.2 ms  ts     27.1 ms  OK
    archive_recent_finished_p51        plain     58.1 ms  ts      7.9 ms  OK
    retention drains (interleaved batch-by-batch)

prune (aged succeeded jobs -> archive)  (batch_size 10,000, target 40,000 rows)
  engine   batches   p50/batch   p95/batch  drain total
  plain          5    448.4 ms    550.3 ms        1.9s
  ts             5  3,744.3 ms  3,781.9 ms       14.9s

event TTL (aged job_events)  (batch_size 10,000, target 96,000 rows)
  engine   batches   p50/batch   p95/batch  drain total
  plain         11     27.0 ms     31.1 ms        0.3s
  ts            11    191.7 ms    243.3 ms        1.9s

=== [4/4] scale 2,000,000: jobs 2,000,000 / archive 2,000,000 / events 2,000,000 / prune cohort 200,000 (base 2026-09-26T18:10:35+00:00) ===
    seeding plain engine
    jobs 2,000,000 rows in 29s
    attempts+archive+events in 53s
    seeding ts engine
    jobs 2,000,000 rows in 30s
    attempts+archive+events in 57s
    correctness asserts on the seed
    counts match; hypertables: ['job_attempts_archive', 'job_events', 'jobs_archive'] chunks: {'job_events': 15, 'jobs_archive': 14}
    headline dashboard shapes
    jobs_count_all_statuses            plain     21.7 ms  ts     28.1 ms  OK
    archive_recent_finished_p51        plain    139.2 ms  ts     44.9 ms  OK
    retention drains (interleaved batch-by-batch)

prune (aged succeeded jobs -> archive)  (batch_size 10,000, target 200,000 rows)
  engine   batches   p50/batch   p95/batch  drain total
  plain         21    464.4 ms    536.3 ms        9.7s
  ts            21  3,740.1 ms  4,002.9 ms       75.8s

event TTL (aged job_events)  (batch_size 10,000, target 480,000 rows)
  engine   batches   p50/batch   p95/batch  drain total
  plain         49     34.8 ms     43.3 ms        1.7s
  ts            49    205.0 ms    214.2 ms        9.9s

 archive rows |  page plain     page ts ts speedup |  prune plain/batch  prune ts/batch  penalty |  ttl plain     ttl ts  ratio | count plain    count ts
--------------------------------------------------------------------------------------------------------------------------------------------------------------
       10,000 |      4.7 ms      0.7 ms      7.13x |             1.2 ms          0.9 ms     0.8x |     1.1 ms     3.4 ms   2.9x |      1.2 ms      1.1 ms
      100,000 |     25.1 ms      3.1 ms      8.17x |             3.3 ms          2.0 ms     0.6x |    22.4 ms   150.9 ms   6.7x |      2.9 ms      2.9 ms
      400,000 |     58.1 ms      7.9 ms      7.38x |           448.4 ms      3,744.3 ms     8.4x |    27.0 ms   191.7 ms   7.1x |      9.2 ms     27.1 ms
    2,000,000 |    139.2 ms     44.9 ms      3.10x |           464.4 ms      3,740.1 ms     8.1x |    34.8 ms   205.0 ms   5.9x |     21.7 ms     28.1 ms

crossover: archive page: hypertable wins at EVERY swept scale from 10,000 rows up
prune penalty: prune penalty ratio 0.8x at 10,000 rows → 8.1x at 2,000,000 rows (wider with scale)

results → /tmp/opencode/tsdb-audit/benchmarks/results/timescale-tradeoffs-sweep.json
(wall 381s)
