Using CPython 3.13.15
Creating virtual environment at: .venv
Resolved 160 packages in 1ms
   Building taskq-py @ file:///tmp/opencode/wt-taskqflow-p3
      Built taskq-py @ file:///tmp/opencode/wt-taskqflow-p3
Prepared 1 package in 205ms
warning: Failed to hardlink files; falling back to full copy. This may lead to degraded performance.
         If the cache and target directories are on different filesystems, hardlinking may not be supported.
         If this is intentional, set `export UV_LINK_MODE=copy` or use `--link-mode=copy` to suppress this warning.
Installed 157 packages in 178ms
 + aiohappyeyeballs==2.7.1
 + aiohttp==3.14.3
 + aiosignal==1.4.0
 + annotated-doc==0.0.5
 + annotated-types==0.8.0
 + anyio==4.15.1
 + asyncpg==0.31.0
 + asyncpg-stubs==0.31.3
 + attrs==26.1.0
 + authlib==1.8.0
 + azure-core==1.41.0
 + azure-identity==1.25.3
 + babel==2.18.0
 + backrefs==8.0
 + boolean-py==5.0
 + boto3==1.43.104
 + botocore==1.43.106
 + cachecontrol==0.14.4
 + certifi==2026.7.22
 + cffi==2.1.1
 + charset-normalizer==3.5.1
 + click==8.5.0
 + colorama==0.4.6
 + containerspec==0.1.7
 + coverage==7.16.0
 + croniter==6.2.4
 + cryptography==50.0.1
 + cyclonedx-python-lib==11.12.0
 + defusedxml==0.7.1
 + docker==7.2.0
 + dotenvmodel==1.1.0
 + execnet==2.1.2
 + fakeredis==2.38.0
 + fastapi==0.141.1
 + filelock==4.0.6
 + frozenlist==1.8.0
 + ghp-import==2.1.0
 + googleapis-common-protos==1.75.2
 + griffelib==2.2.0
 + grpcio==1.83.1
 + h11==0.16.0
 + httpcore==1.0.9
 + httpcore2==2.13.1
 + httpx==0.28.1
 + httpx2==2.13.1
 + humanize==4.16.0
 + hvac==2.4.0
 + hypothesis==6.168.3
 + idna==3.19
 + iniconfig==2.3.0
 + isodate==0.7.2
 + itsdangerous==2.2.0
 + jinja2==3.1.6
 + jmespath==1.1.0
 + joserfc==1.7.5
 + jsonschema==4.26.0
 + jsonschema-specifications==2025.9.1
 + license-expression==30.4.4
 + lxml==6.1.2
 + markdown==3.10.3
 + markdown-it-py==4.2.0
 + markupsafe==3.0.3
 + mdurl==0.1.2
 + mergedeep==1.3.4
 + mkdocs==1.6.1
 + mkdocs-autorefs==1.4.4
 + mkdocs-get-deps==0.2.2
 + mkdocs-material==9.7.7
 + mkdocs-material-extensions==1.3.1
 + mkdocstrings==1.0.6
 + mkdocstrings-python==2.0.7
 + msal==1.38.0
 + msal-extensions==1.3.1
 + msgpack==1.2.2
 + multidict==6.9.1
 + nodeenv==1.10.0
 + opentelemetry-api==1.45.0
 + opentelemetry-exporter-http-transport==0.66b0
 + opentelemetry-exporter-otlp==1.45.0
 + opentelemetry-exporter-otlp-common==0.66b0
 + opentelemetry-exporter-otlp-proto-common==1.45.0
 + opentelemetry-exporter-otlp-proto-grpc==1.45.0
 + opentelemetry-exporter-otlp-proto-http==1.45.0
 + opentelemetry-exporter-prometheus==0.66b0
 + opentelemetry-instrumentation==0.66b0
 + opentelemetry-proto==1.45.0
 + opentelemetry-sdk==1.45.0
 + opentelemetry-semantic-conventions==0.66b0
 + orjson==3.12.0
 + packageurl-python==0.17.6
 + packaging==26.3
 + paginate==0.5.7
 + pathspec==1.1.1
 + pip==26.2.1
 + pip-api==0.0.34
 + pip-audit==2.10.1
 + pip-requirements-parser==32.0.1
 + platformdirs==4.11.5
 + pluggy==1.6.0
 + prometheus-client==0.26.0
 + propcache==0.5.2
 + protobuf==7.36.0
 + py-serializable==2.1.0
 + py-spy==0.4.2
 + pycparser==3.0
 + pydantic==2.13.5
 + pydantic-core==2.46.5
 + pygments==2.21.0
 + pyinstrument==5.1.3
 + pyjwt==2.15.1
 + pymdown-extensions==11.0.2
 + pyparsing==3.3.2
 + pyright==1.1.414
 + pytest==9.1.1
 + pytest-asyncio==1.4.0
 + pytest-cov==7.1.0
 + pytest-gremlins==1.9.0
 + pytest-randomly==5.0.0
 + pytest-timeout==2.4.0
 + pytest-xdist==3.8.0
 + python-dateutil==2.9.0.post0
 + python-dotenv==1.2.3
 + python-multipart==0.0.32
 + python3-saml==1.16.0
 + pyyaml==6.0.3
 + pyyaml-env-tag==1.1
 + redis==8.1.0
 + referencing==0.37.0
 + requests==2.34.2
 + respx==0.23.1
 + rich==15.0.0
 + rpds-py==2026.6.3
 + ruff==0.16.9
 + s3transfer==0.19.2
 + shellingham==1.5.4
 + six==1.17.0
 + sortedcontainers==2.4.0
 + sse-starlette==3.5.0
 + starlette==1.7.0
 + structlog==26.1.0
 + taskq-py==0.2.2 (from file:///tmp/opencode/wt-taskqflow-p3)
 + testcontainers==4.15.0
 + tomli==2.4.1
 + tomli-w==1.2.0
 + tors==0.15.1
 + truststore==0.10.4
 + typer==0.27.2
 + typing-extensions==4.16.0
 + typing-inspection==0.4.4
 + urllib3==2.8.0
 + uuid-utils==1.0.0
 + uvicorn==0.54.0
 + watchdog==6.0.0
 + watchfiles==1.3.0
 + wrapt==2.4.0
 + xmlsec==1.3.17
 + yarl==1.24.5
